// Jest Snapshot v1, https://goo.gl/fbAQLP

exports[`Form component renders Form 1`] = `
<form
  onSubmit={[Function]}
>
  <input
    name="username"
    onChange={[Function]}
    type="input"
    value="cnspangler"
  />
  <button>
    Search
  </button>
</form>
`;
