// Jest Snapshot v1, https://goo.gl/fbAQLP

exports[`UserData component renders UserData 1`] = `
<Fragment>
  <section>
    <h2>
      cnspangler
    </h2>
    <h3>
      Github Profile: 
      https://api.github.com/users/cnspangler
    </h3>
    <h4>
      Followers: 
      10
    </h4>
    <h4>
      Following: 
      25
    </h4>
  </section>
</Fragment>
`;
