// Jest Snapshot v1, https://goo.gl/fbAQLP

exports[`Repo component renders Repo 1`] = `
<li>
  <a
    href="https://github.com/CNSpangler/portfolio"
  >
    portfolio
  </a>
</li>
`;
